// Jest Snapshot v1, https://goo.gl/fbAQLP

exports[`Pruebas en <FirstApp /> Debe hacer match con el snapshot 1`] = `
<div>
  <h1>
    First App
  </h1>
  <p
    data-testid="parrafo"
  >
    Soy un parrafo
  </p>
  <p>
    11
  </p>
  <p
    id="nombre"
  >
    Mario
  </p>
  <p>
    {"nombre":"Mario"}
  </p>
  <code>
    {"nombre":"Mario"}
  </code>
  <p>
    Valor de mi funcion
  </p>
  <p
    id="titulo"
  >
    Hola, Soy Goku
  </p>
  <p
    id="subtitle"
  >
    No hay subtitulo
  </p>
</div>
`;
